{
  "ffprobe": {
    "chapters": {},
    "format": {
      "bit_rate": "1826963",
      "duration": "5.000000",
      "filename": "src/ffmpeg/ffprobe/tests/test_probe/test-5sec.mp4",
      "format_long_name": "QuickTime / MOV",
      "format_name": "mov,mp4,m4a,3gp,3g2,mj2",
      "nb_programs": "0",
      "nb_streams": "2",
      "probe_score": "100",
      "size": "1141852",
      "start_time": "0.000000",
      "tag": [
        {
          "key": "major_brand",
          "value": "isom"
        },
        {
          "key": "minor_version",
          "value": "512"
        },
        {
          "key": "compatible_brands",
          "value": "isomiso2avc1mp41"
        },
        {
          "key": "encoder",
          "value": "Lavf58.76.100"
        }
      ]
    },
    "streams": {
      "stream": [
        {
          "avg_frame_rate": "25/1",
          "bit_rate": "1475520",
          "bits_per_raw_sample": "8",
          "chroma_location": "left",
          "closed_captions": "0",
          "codec_long_name": "H.264 / AVC / MPEG-4 AVC / MPEG-4 part 10",
          "codec_name": "h264",
          "codec_tag": "0x31637661",
          "codec_tag_string": "avc1",
          "codec_type": "video",
          "coded_height": "720",
          "coded_width": "1280",
          "display_aspect_ratio": "16:9",
          "disposition": {
            "attached_pic": "0",
            "captions": "0",
            "clean_effects": "0",
            "comment": "0",
            "default": "1",
            "dependent": "0",
            "descriptions": "0",
            "dub": "0",
            "forced": "0",
            "hearing_impaired": "0",
            "karaoke": "0",
            "lyrics": "0",
            "metadata": "0",
            "original": "0",
            "still_image": "0",
            "timed_thumbnails": "0",
            "visual_impaired": "0"
          },
          "duration": "5.000000",
          "duration_ts": "64000",
          "extradata_size": "47",
          "field_order": "progressive",
          "film_grain": "0",
          "has_b_frames": "2",
          "height": "720",
          "id": "0x1",
          "index": "0",
          "is_avc": "true",
          "level": "31",
          "nal_length_size": "4",
          "nb_frames": "125",
          "nb_read_frames": "125",
          "nb_read_packets": "125",
          "pix_fmt": "yuv420p",
          "profile": "High",
          "r_frame_rate": "25/1",
          "refs": "4",
          "sample_aspect_ratio": "1:1",
          "start_pts": "0",
          "start_time": "0.000000",
          "tag": [
            {
              "key": "language",
              "value": "und"
            },
            {
              "key": "handler_name",
              "value": "VideoHandler"
            },
            {
              "key": "vendor_id",
              "value": "[0][0][0][0]"
            }
          ],
          "time_base": "1/12800",
          "width": "1280"
        },
        {
          "avg_frame_rate": "0/0",
          "bit_rate": "343115",
          "bits_per_sample": "0",
          "channel_layout": "5.1",
          "channels": "6",
          "codec_long_name": "AAC (Advanced Audio Coding)",
          "codec_name": "aac",
          "codec_tag": "0x6134706d",
          "codec_tag_string": "mp4a",
          "codec_type": "audio",
          "disposition": {
            "attached_pic": "0",
            "captions": "0",
            "clean_effects": "0",
            "comment": "0",
            "default": "1",
            "dependent": "0",
            "descriptions": "0",
            "dub": "0",
            "forced": "0",
            "hearing_impaired": "0",
            "karaoke": "0",
            "lyrics": "0",
            "metadata": "0",
            "original": "0",
            "still_image": "0",
            "timed_thumbnails": "0",
            "visual_impaired": "0"
          },
          "duration": "5.000000",
          "duration_ts": "240000",
          "extradata_size": "5",
          "id": "0x2",
          "index": "1",
          "initial_padding": "0",
          "nb_frames": "236",
          "nb_read_frames": "235",
          "nb_read_packets": "236",
          "profile": "LC",
          "r_frame_rate": "0/0",
          "sample_fmt": "fltp",
          "sample_rate": "48000",
          "start_pts": "0",
          "start_time": "0.000000",
          "tag": [
            {
              "key": "language",
              "value": "und"
            },
            {
              "key": "handler_name",
              "value": "SoundHandler"
            },
            {
              "key": "vendor_id",
              "value": "[0][0][0][0]"
            }
          ],
          "time_base": "1/48000"
        }
      ]
    }
  }
}
