{
  "chapters": [],
  "format": {
    "filename": "/workspaces/typed-ffmpeg/src/ffmpeg/tests/test_probe/test_data/overlay.png",
    "format_long_name": "piped png sequence",
    "format_name": "png_pipe",
    "nb_programs": 0,
    "nb_streams": 1,
    "probe_score": 99,
    "size": "2212"
  },
  "packets_and_frames": [
    {
      "codec_type": "video",
      "dts": 0,
      "dts_time": "0.000000",
      "duration": 1,
      "duration_time": "0.040000",
      "flags": "K__",
      "pos": "0",
      "pts": 0,
      "pts_time": "0.000000",
      "size": "2212",
      "stream_index": 0,
      "type": "packet"
    },
    {
      "best_effort_timestamp": 0,
      "best_effort_timestamp_time": "0.000000",
      "coded_picture_number": 0,
      "color_range": "pc",
      "color_space": "gbr",
      "display_picture_number": 0,
      "duration": 1,
      "duration_time": "0.040000",
      "height": 117,
      "interlaced_frame": 0,
      "key_frame": 1,
      "media_type": "video",
      "pict_type": "I",
      "pix_fmt": "pal8",
      "pkt_dts": 0,
      "pkt_dts_time": "0.000000",
      "pkt_duration": 1,
      "pkt_duration_time": "0.040000",
      "pkt_pos": "0",
      "pkt_size": "2212",
      "pts": 0,
      "pts_time": "0.000000",
      "repeat_pict": 0,
      "stream_index": 0,
      "top_field_first": 0,
      "type": "frame",
      "width": 163
    }
  ],
  "programs": [],
  "streams": [
    {
      "avg_frame_rate": "25/1",
      "closed_captions": 0,
      "codec_long_name": "PNG (Portable Network Graphics) image",
      "codec_name": "png",
      "codec_tag": "0x0000",
      "codec_tag_string": "[0][0][0][0]",
      "codec_type": "video",
      "coded_height": 117,
      "coded_width": 163,
      "color_range": "pc",
      "disposition": {
        "attached_pic": 0,
        "captions": 0,
        "clean_effects": 0,
        "comment": 0,
        "default": 0,
        "dependent": 0,
        "descriptions": 0,
        "dub": 0,
        "forced": 0,
        "hearing_impaired": 0,
        "karaoke": 0,
        "lyrics": 0,
        "metadata": 0,
        "original": 0,
        "still_image": 0,
        "timed_thumbnails": 0,
        "visual_impaired": 0
      },
      "film_grain": 0,
      "has_b_frames": 0,
      "height": 117,
      "index": 0,
      "level": -99,
      "nb_read_frames": "1",
      "nb_read_packets": "1",
      "pix_fmt": "pal8",
      "r_frame_rate": "25/1",
      "refs": 1,
      "time_base": "1/25",
      "width": 163
    }
  ]
}
