"FilterNode(args=(), kwargs=(('w', '1920'), ('h', '1080')), inputs=(VideoStream(node=InputNode(args=(), kwargs=(), inputs=(), filename='test.mp4'), index=None), AudioStream(node=InputNode(args=(), kwargs=(), inputs=(), filename='test.mp4'), index=None)), name='scale', input_typings=(<StreamType.video: 'video'>, <StreamType.audio: 'audio'>), output_typings=())"
