{
  "args": [],
  "inputs": [
    {
      "index": null,
      "node": {
        "args": [],
        "inputs": [
          {
            "index": null,
            "node": {
              "args": [],
              "inputs": [],
              "kwargs": [],
              "name": "A"
            }
          }
        ],
        "kwargs": [],
        "name": "E"
      }
    },
    {
      "index": null,
      "node": {
        "args": [],
        "inputs": [
          {
            "index": null,
            "node": {
              "args": [],
              "inputs": [],
              "kwargs": [],
              "name": "A"
            }
          }
        ],
        "kwargs": [],
        "name": "B"
      }
    }
  ],
  "kwargs": [],
  "name": "D"
}
