{
  "index": null,
  "node": {
    "inputs": [
      {
        "index": null,
        "node": {
          "inputs": [
            {
              "index": null,
              "node": {
                "inputs": [],
                "kwargs": "FrozenDict({})",
                "name": "A"
              }
            }
          ],
          "kwargs": "FrozenDict({})",
          "name": "E"
        }
      },
      {
        "index": null,
        "node": {
          "inputs": [
            {
              "index": null,
              "node": {
                "inputs": [],
                "kwargs": "FrozenDict({})",
                "name": "A"
              }
            }
          ],
          "kwargs": "FrozenDict({})",
          "name": "B"
        }
      }
    ],
    "kwargs": "FrozenDict({})",
    "name": "D"
  }
}
