{
  "index": null,
  "node": {
    "inputs": [
      {
        "index": null,
        "node": {
          "inputs": [
            {
              "index": null,
              "node": {
                "inputs": [
                  {
                    "index": null,
                    "node": {
                      "inputs": [],
                      "kwargs": "FrozenDict({})",
                      "name": "A"
                    },
                    "optional": false
                  }
                ],
                "kwargs": "FrozenDict({})",
                "name": "B"
              },
              "optional": false
            }
          ],
          "kwargs": "FrozenDict({})",
          "name": "C"
        },
        "optional": false
      }
    ],
    "kwargs": "FrozenDict({})",
    "name": "D"
  },
  "optional": false
}
