{
  "index": null,
  "node": {
    "inputs": [
      {
        "index": null,
        "node": {
          "inputs": [
            {
              "index": null,
              "node": {
                "inputs": [
                  {
                    "index": null,
                    "node": {
                      "inputs": [
                        {
                          "index": null,
                          "node": {
                            "inputs": [],
                            "kwargs": "FrozenDict({})",
                            "name": "A"
                          }
                        }
                      ],
                      "kwargs": "FrozenDict({})",
                      "name": "E"
                    }
                  }
                ],
                "kwargs": "FrozenDict({})",
                "name": "B"
              }
            }
          ],
          "kwargs": "FrozenDict({})",
          "name": "C"
        }
      }
    ],
    "kwargs": "FrozenDict({})",
    "name": "D"
  }
}
