{
  "__class__": "Pow",
  "left": {
    "__class__": "Symbol",
    "key": "X"
  },
  "right": {
    "__class__": "Symbol",
    "key": "Y"
  }
}
