{
  "__class__": "ffmpeg.utils.lazy_eval.operator.FloorDiv",
  "left": {
    "__class__": "ffmpeg.utils.lazy_eval.schema.PlaceHolder",
    "key": "X"
  },
  "right": {
    "__class__": "ffmpeg.utils.lazy_eval.schema.PlaceHolder",
    "key": "Y"
  }
}
