{
  "__class__": "Pow",
  "left": {
    "__class__": "Symbol",
    "key": "X"
  },
  "right": 1
}
