{
  "__class__": "ffmpeg.utils.lazy_eval.operator.Pos",
  "left": {
    "__class__": "ffmpeg.utils.lazy_eval.schema.Symbol",
    "key": "X"
  },
  "right": null
}
