{
  "__class__": "ffmpeg.utils.lazy_eval.operator.Mod",
  "left": {
    "__class__": "ffmpeg.utils.lazy_eval.schema.PlaceHolder",
    "key": "X"
  },
  "right": 1
}
