{
  "index": null,
  "node": {
    "inputs": [
      {
        "index": null,
        "node": {
          "filename": "output_video.mp4",
          "inputs": [
            {
              "index": null,
              "node": {
                "filename": "input_video.mkv",
                "inputs": [],
                "kwargs": "FrozenDict({})"
              },
              "optional": false
            }
          ],
          "kwargs": "FrozenDict({})"
        },
        "optional": false
      }
    ],
    "kwargs": "FrozenDict({})"
  },
  "optional": false
}
