[
  "ffmpeg",
  "-i",
  "input1",
  "-skip_cmp",
  "sad",
  "out.mp4"
]
