[
  "ffmpeg",
  "-framerate",
  "25",
  "-pattern_type",
  "glob",
  "-i",
  "/path/to/jpegs/*.jpg",
  "-filter_complex",
  "[0]deflicker=size=10:mode=pm[s0];[s0]scale=force_original_aspect_ratio=increase:size=hd1080[s1]",
  "-map",
  "[s1]",
  "-pix_fmt",
  "yuv420p",
  "-crf",
  "20",
  "-movflags",
  "faststart",
  "-preset",
  "slower",
  "movie.mp4"
]
