[
  {
    "description": "Apply Finite Impulse Response filter with supplied coefficients in additional stream(s).",
    "flags": "(1 << 0) |\n                     (1 << 17) |\n                     (1 << 2)",
    "id": "ff_af_afir",
    "init": "init",
    "init_src": "static __attribute__((cold)) void uninit(AVFilterContext *ctx)\n{\n    AudioFIRContext *s = ctx->priv;\n\n    av_freep(&s->fdsp);\n    av_freep(&s->ch_gain);\n    av_freep(&s->loading);\n\n    for (int i = 0; i < s->nb_irs; i++) {\n        for (int j = 0; j < s->nb_segments[i]; j++)\n            uninit_segment(ctx, &s->seg[i][j]);\n\n        av_frame_free(&s->ir[i]);\n        av_frame_free(&s->norm_ir[i]);\n    }\n\n    av_frame_free(&s->fadein[0]);\n    av_frame_free(&s->fadein[1]);\n\n    av_frame_free(&s->xfade[0]);\n    av_frame_free(&s->xfade[1]);\n}",
    "input_filter_pads": [],
    "inputs": null,
    "name": "afir",
    "options": [
      {
        "default": "['.dbl=1']",
        "flags": "8|(1<<16)|(1<<15)",
        "help": "set dry gain",
        "max": "10",
        "min": "0",
        "name": "dry",
        "offset": "__builtin_offsetof(AudioFIRContext, dry_gain)",
        "type": "AV_OPT_TYPE_FLOAT",
        "unit": null
      },
      {
        "default": "['.dbl=1']",
        "flags": "8|(1<<16)|(1<<15)",
        "help": "set wet gain",
        "max": "10",
        "min": "0",
        "name": "wet",
        "offset": "__builtin_offsetof(AudioFIRContext, wet_gain)",
        "type": "AV_OPT_TYPE_FLOAT",
        "unit": null
      },
      {
        "default": "['.dbl=1']",
        "flags": "8|(1<<16)",
        "help": "set IR length",
        "max": "1",
        "min": "0",
        "name": "length",
        "offset": "__builtin_offsetof(AudioFIRContext, length)",
        "type": "AV_OPT_TYPE_FLOAT",
        "unit": null
      },
      {
        "default": "['.i64=0']",
        "flags": "8|(1<<16)|(1<<17)",
        "help": "set IR auto gain type",
        "max": "4",
        "min": "-1",
        "name": "gtype",
        "offset": "__builtin_offsetof(AudioFIRContext, gtype)",
        "type": "AV_OPT_TYPE_INT",
        "unit": "gtype"
      },
      {
        "default": "['.i64=-1']",
        "flags": "8|(1<<16)|(1<<17)",
        "help": "without auto gain",
        "max": "0",
        "min": "0",
        "name": "none",
        "offset": "0",
        "type": "AV_OPT_TYPE_CONST",
        "unit": "gtype"
      },
      {
        "default": "['.i64=0']",
        "flags": "8|(1<<16)|(1<<17)",
        "help": "peak gain",
        "max": "0",
        "min": "0",
        "name": "peak",
        "offset": "0",
        "type": "AV_OPT_TYPE_CONST",
        "unit": "gtype"
      },
      {
        "default": "['.i64=1']",
        "flags": "8|(1<<16)|(1<<17)",
        "help": "DC gain",
        "max": "0",
        "min": "0",
        "name": "dc",
        "offset": "0",
        "type": "AV_OPT_TYPE_CONST",
        "unit": "gtype"
      },
      {
        "default": "['.i64=2']",
        "flags": "8|(1<<16)|(1<<17)",
        "help": "gain to noise",
        "max": "0",
        "min": "0",
        "name": "gn",
        "offset": "0",
        "type": "AV_OPT_TYPE_CONST",
        "unit": "gtype"
      },
      {
        "default": "['.i64=3']",
        "flags": "8|(1<<16)|(1<<17)",
        "help": "AC gain",
        "max": "0",
        "min": "0",
        "name": "ac",
        "offset": "0",
        "type": "AV_OPT_TYPE_CONST",
        "unit": "gtype"
      },
      {
        "default": "['.i64=4']",
        "flags": "8|(1<<16)|(1<<17)",
        "help": "RMS gain",
        "max": "0",
        "min": "0",
        "name": "rms",
        "offset": "0",
        "type": "AV_OPT_TYPE_CONST",
        "unit": "gtype"
      },
      {
        "default": "['.dbl=1']",
        "flags": "8|(1<<16)",
        "help": "set IR norm",
        "max": "2",
        "min": "-1",
        "name": "irnorm",
        "offset": "__builtin_offsetof(AudioFIRContext, ir_norm)",
        "type": "AV_OPT_TYPE_FLOAT",
        "unit": null
      },
      {
        "default": "['.i64=1']",
        "flags": "8|(1<<16)",
        "help": "set IR link",
        "max": "1",
        "min": "0",
        "name": "irlink",
        "offset": "__builtin_offsetof(AudioFIRContext, ir_link)",
        "type": "AV_OPT_TYPE_BOOL",
        "unit": null
      },
      {
        "default": "['.dbl=1']",
        "flags": "8|(1<<16)",
        "help": "set IR gain",
        "max": "1",
        "min": "0",
        "name": "irgain",
        "offset": "__builtin_offsetof(AudioFIRContext, ir_gain)",
        "type": "AV_OPT_TYPE_FLOAT",
        "unit": null
      },
      {
        "default": "['.i64=1']",
        "flags": "8|(1<<16)",
        "help": "set IR format",
        "max": "1",
        "min": "0",
        "name": "irfmt",
        "offset": "__builtin_offsetof(AudioFIRContext, ir_format)",
        "type": "AV_OPT_TYPE_INT",
        "unit": "irfmt"
      },
      {
        "default": "['.i64=0']",
        "flags": "8|(1<<16)",
        "help": "single channel",
        "max": "0",
        "min": "0",
        "name": "mono",
        "offset": "0",
        "type": "AV_OPT_TYPE_CONST",
        "unit": "irfmt"
      },
      {
        "default": "['.i64=1']",
        "flags": "8|(1<<16)",
        "help": "same as input",
        "max": "0",
        "min": "0",
        "name": "input",
        "offset": "0",
        "type": "AV_OPT_TYPE_CONST",
        "unit": "irfmt"
      },
      {
        "default": "['.dbl=30']",
        "flags": "8|(1<<16)",
        "help": "set max IR length",
        "max": "60",
        "min": "0.1",
        "name": "maxir",
        "offset": "__builtin_offsetof(AudioFIRContext, max_ir_len)",
        "type": "AV_OPT_TYPE_FLOAT",
        "unit": null
      },
      {
        "default": "['.i64=0']",
        "flags": "16|(1<<16)|(1<<17)",
        "help": "show IR frequency response",
        "max": "1",
        "min": "0",
        "name": "response",
        "offset": "__builtin_offsetof(AudioFIRContext, response)",
        "type": "AV_OPT_TYPE_BOOL",
        "unit": null
      },
      {
        "default": "['.i64=0']",
        "flags": "16|(1<<16)|(1<<17)",
        "help": "set IR channel to display frequency response",
        "max": "1024",
        "min": "0",
        "name": "channel",
        "offset": "__builtin_offsetof(AudioFIRContext, ir_channel)",
        "type": "AV_OPT_TYPE_INT",
        "unit": null
      },
      {
        "default": "['.str = \"hd720\"']",
        "flags": "16|(1<<16)|(1<<17)",
        "help": "set video size",
        "max": "0",
        "min": "0",
        "name": "size",
        "offset": "__builtin_offsetof(AudioFIRContext, w)",
        "type": "AV_OPT_TYPE_IMAGE_SIZE",
        "unit": null
      },
      {
        "default": "['.str = \"25\"']",
        "flags": "16|(1<<16)|(1<<17)",
        "help": "set video rate",
        "max": "2147483647",
        "min": "0",
        "name": "rate",
        "offset": "__builtin_offsetof(AudioFIRContext, frame_rate)",
        "type": "AV_OPT_TYPE_VIDEO_RATE",
        "unit": null
      },
      {
        "default": "['.i64=8192']",
        "flags": "8|(1<<16)",
        "help": "set min partition size",
        "max": "65536",
        "min": "1",
        "name": "minp",
        "offset": "__builtin_offsetof(AudioFIRContext, minp)",
        "type": "AV_OPT_TYPE_INT",
        "unit": null
      },
      {
        "default": "['.i64=8192']",
        "flags": "8|(1<<16)",
        "help": "set max partition size",
        "max": "65536",
        "min": "8",
        "name": "maxp",
        "offset": "__builtin_offsetof(AudioFIRContext, maxp)",
        "type": "AV_OPT_TYPE_INT",
        "unit": null
      },
      {
        "default": "['.i64=1']",
        "flags": "8|(1<<16)",
        "help": "set number of input IRs",
        "max": "32",
        "min": "1",
        "name": "nbirs",
        "offset": "__builtin_offsetof(AudioFIRContext, nb_irs)",
        "type": "AV_OPT_TYPE_INT",
        "unit": null
      },
      {
        "default": "['.i64=0']",
        "flags": "8|(1<<16)|(1<<15)",
        "help": "select IR",
        "max": "31",
        "min": "0",
        "name": "ir",
        "offset": "__builtin_offsetof(AudioFIRContext, selir)",
        "type": "AV_OPT_TYPE_INT",
        "unit": null
      },
      {
        "default": "['.i64=0']",
        "flags": "8|(1<<16)",
        "help": "set processing precision",
        "max": "2",
        "min": "0",
        "name": "precision",
        "offset": "__builtin_offsetof(AudioFIRContext, precision)",
        "type": "AV_OPT_TYPE_INT",
        "unit": "precision"
      },
      {
        "default": "['.i64=0']",
        "flags": "8|(1<<16)",
        "help": "set auto processing precision",
        "max": "0",
        "min": "0",
        "name": "auto",
        "offset": "0",
        "type": "AV_OPT_TYPE_CONST",
        "unit": "precision"
      },
      {
        "default": "['.i64=1']",
        "flags": "8|(1<<16)",
        "help": "set single-floating point processing precision",
        "max": "0",
        "min": "0",
        "name": "float",
        "offset": "0",
        "type": "AV_OPT_TYPE_CONST",
        "unit": "precision"
      },
      {
        "default": "['.i64=2']",
        "flags": "8|(1<<16)",
        "help": "set double-floating point processing precision",
        "max": "0",
        "min": "0",
        "name": "double",
        "offset": "0",
        "type": "AV_OPT_TYPE_CONST",
        "unit": "precision"
      },
      {
        "default": "['.i64=0']",
        "flags": "8|(1<<16)",
        "help": "set IR loading type",
        "max": "1",
        "min": "0",
        "name": "irload",
        "offset": "__builtin_offsetof(AudioFIRContext, ir_load)",
        "type": "AV_OPT_TYPE_INT",
        "unit": "irload"
      },
      {
        "default": "['.i64=0']",
        "flags": "8|(1<<16)",
        "help": "load all IRs on init",
        "max": "0",
        "min": "0",
        "name": "init",
        "offset": "0",
        "type": "AV_OPT_TYPE_CONST",
        "unit": "irload"
      },
      {
        "default": "['.i64=1']",
        "flags": "8|(1<<16)",
        "help": "load IR on access",
        "max": "0",
        "min": "0",
        "name": "access",
        "offset": "0",
        "type": "AV_OPT_TYPE_CONST",
        "unit": "irload"
      }
    ],
    "output_filter_pads": [
      {
        "name": "default",
        "type": "AVMEDIA_TYPE_AUDIO"
      }
    ],
    "outputs": "(outputs)",
    "priv_class": "&afir_class"
  }
]
