[
  {
    "description": "Buffer video frames, and make them accessible to the filterchain.",
    "flags": null,
    "id": "ff_vsrc_buffer",
    "init": "init_video",
    "init_src": null,
    "input_filter_pads": [],
    "inputs": "((void*)0)",
    "name": "buffer",
    "options": [
      {
        "default": "['.i64 = 0']",
        "flags": "(1<<16)|16",
        "help": "((void*)0)",
        "max": "2147483647",
        "min": "0",
        "name": "width",
        "offset": "__builtin_offsetof(BufferSourceContext, w)",
        "type": "AV_OPT_TYPE_INT",
        "unit": null
      },
      {
        "default": null,
        "flags": ".flags = (1<<16)|16",
        "help": "((void*)0)",
        "max": null,
        "min": null,
        "name": "video_size",
        "offset": "__builtin_offsetof(BufferSourceContext, w)",
        "type": "AV_OPT_TYPE_IMAGE_SIZE",
        "unit": null
      },
      {
        "default": "['.i64 = 0']",
        "flags": "(1<<16)|16",
        "help": "((void*)0)",
        "max": "2147483647",
        "min": "0",
        "name": "height",
        "offset": "__builtin_offsetof(BufferSourceContext, h)",
        "type": "AV_OPT_TYPE_INT",
        "unit": null
      },
      {
        "default": "['.i64 = AV_PIX_FMT_NONE']",
        "flags": ".flags = (1<<16)|16",
        "help": "((void*)0)",
        "max": ".max = 2147483647",
        "min": ".min = AV_PIX_FMT_NONE",
        "name": "pix_fmt",
        "offset": "__builtin_offsetof(BufferSourceContext, pix_fmt)",
        "type": "AV_OPT_TYPE_PIXEL_FMT",
        "unit": null
      },
      {
        "default": "['.dbl = 0']",
        "flags": "(1<<16)|16",
        "help": "sample aspect ratio",
        "max": "1.7976931348623157e+308",
        "min": "0",
        "name": "sar",
        "offset": "__builtin_offsetof(BufferSourceContext, pixel_aspect)",
        "type": "AV_OPT_TYPE_RATIONAL",
        "unit": null
      },
      {
        "default": "['.dbl = 0']",
        "flags": "(1<<16)|16",
        "help": "sample aspect ratio",
        "max": "1.7976931348623157e+308",
        "min": "0",
        "name": "pixel_aspect",
        "offset": "__builtin_offsetof(BufferSourceContext, pixel_aspect)",
        "type": "AV_OPT_TYPE_RATIONAL",
        "unit": null
      },
      {
        "default": "['.dbl = 0']",
        "flags": "(1<<16)|16",
        "help": "((void*)0)",
        "max": "1.7976931348623157e+308",
        "min": "0",
        "name": "time_base",
        "offset": "__builtin_offsetof(BufferSourceContext, time_base)",
        "type": "AV_OPT_TYPE_RATIONAL",
        "unit": null
      },
      {
        "default": "['.dbl = 0']",
        "flags": "(1<<16)|16",
        "help": "((void*)0)",
        "max": "1.7976931348623157e+308",
        "min": "0",
        "name": "frame_rate",
        "offset": "__builtin_offsetof(BufferSourceContext, frame_rate)",
        "type": "AV_OPT_TYPE_RATIONAL",
        "unit": null
      }
    ],
    "output_filter_pads": [
      {
        "name": "default",
        "type": "AVMEDIA_TYPE_VIDEO"
      }
    ],
    "outputs": "(avfilter_vsrc_buffer_outputs)",
    "priv_class": "&buffer_class"
  },
  {
    "description": "Buffer audio frames, and make them accessible to the filterchain.",
    "flags": null,
    "id": "ff_asrc_abuffer",
    "init": "init_audio",
    "init_src": null,
    "input_filter_pads": [],
    "inputs": "((void*)0)",
    "name": "abuffer",
    "options": [
      {
        "default": "['.dbl = 0']",
        "flags": "(1<<16)|8",
        "help": "((void*)0)",
        "max": "2147483647",
        "min": "0",
        "name": "time_base",
        "offset": "__builtin_offsetof(BufferSourceContext, time_base)",
        "type": "AV_OPT_TYPE_RATIONAL",
        "unit": null
      },
      {
        "default": "['.i64 = 0']",
        "flags": "(1<<16)|8",
        "help": "((void*)0)",
        "max": "2147483647",
        "min": "0",
        "name": "sample_rate",
        "offset": "__builtin_offsetof(BufferSourceContext, sample_rate)",
        "type": "AV_OPT_TYPE_INT",
        "unit": null
      },
      {
        "default": "['.i64 = AV_SAMPLE_FMT_NONE']",
        "flags": ".flags = (1<<16)|8",
        "help": "((void*)0)",
        "max": ".max = 2147483647",
        "min": ".min = AV_SAMPLE_FMT_NONE",
        "name": "sample_fmt",
        "offset": "__builtin_offsetof(BufferSourceContext, sample_fmt)",
        "type": "AV_OPT_TYPE_SAMPLE_FMT",
        "unit": null
      },
      {
        "default": null,
        "flags": ".flags = (1<<16)|8",
        "help": "((void*)0)",
        "max": null,
        "min": null,
        "name": "channel_layout",
        "offset": "__builtin_offsetof(BufferSourceContext, channel_layout_str)",
        "type": "AV_OPT_TYPE_STRING",
        "unit": null
      },
      {
        "default": "['.i64 = 0']",
        "flags": "(1<<16)|8",
        "help": "((void*)0)",
        "max": "2147483647",
        "min": "0",
        "name": "channels",
        "offset": "__builtin_offsetof(BufferSourceContext, channels)",
        "type": "AV_OPT_TYPE_INT",
        "unit": null
      }
    ],
    "output_filter_pads": [
      {
        "name": "default",
        "type": "AVMEDIA_TYPE_AUDIO"
      }
    ],
    "outputs": "(avfilter_asrc_abuffer_outputs)",
    "priv_class": "&abuffer_class"
  }
]
