[
  {
    "flags_value": 65536,
    "is_dynamic_inputs": false,
    "is_dynamic_outputs": false,
    "parsed_options": [
      {
        "alias": "t",
        "choices": [
          {
            "help": "fade-in",
            "name": "in",
            "value": "['.i64 = 0']"
          },
          {
            "help": "fade-out",
            "name": "out",
            "value": "['.i64 = 1']"
          }
        ],
        "default": "['.i64 = 0']",
        "deprecated": false,
        "help": "set the fade direction",
        "name": "type",
        "type": "AV_OPT_TYPE_INT"
      },
      {
        "alias": "ss",
        "choices": [],
        "default": "['.i64 = 0']",
        "deprecated": false,
        "help": "set number of first sample to start fading",
        "name": "start_sample",
        "type": "AV_OPT_TYPE_INT64"
      },
      {
        "alias": "nb_samples",
        "choices": [],
        "default": "['.i64 = 44100']",
        "deprecated": false,
        "help": "set number of samples for fade duration",
        "name": "ns",
        "type": "AV_OPT_TYPE_INT64"
      },
      {
        "alias": "st",
        "choices": [],
        "default": "['.i64 = 0']",
        "deprecated": false,
        "help": "set time to start fading",
        "name": "start_time",
        "type": "AV_OPT_TYPE_DURATION"
      },
      {
        "alias": "d",
        "choices": [],
        "default": "['.i64 = 0']",
        "deprecated": false,
        "help": "set fade duration",
        "name": "duration",
        "type": "AV_OPT_TYPE_DURATION"
      },
      {
        "alias": "c",
        "choices": [
          {
            "help": "no fade; keep audio as-is",
            "name": "nofade",
            "value": "['.i64 = NONE']"
          },
          {
            "help": "linear slope",
            "name": "tri",
            "value": "['.i64 = TRI']"
          },
          {
            "help": "quarter of sine wave",
            "name": "qsin",
            "value": "['.i64 = QSIN']"
          },
          {
            "help": "exponential sine wave",
            "name": "esin",
            "value": "['.i64 = ESIN']"
          },
          {
            "help": "half of sine wave",
            "name": "hsin",
            "value": "['.i64 = HSIN']"
          },
          {
            "help": "logarithmic",
            "name": "log",
            "value": "['.i64 = LOG']"
          },
          {
            "help": "inverted parabola",
            "name": "ipar",
            "value": "['.i64 = IPAR']"
          },
          {
            "help": "quadratic",
            "name": "qua",
            "value": "['.i64 = QUA']"
          },
          {
            "help": "cubic",
            "name": "cub",
            "value": "['.i64 = CUB']"
          },
          {
            "help": "square root",
            "name": "squ",
            "value": "['.i64 = SQU']"
          },
          {
            "help": "cubic root",
            "name": "cbr",
            "value": "['.i64 = CBR']"
          },
          {
            "help": "parabola",
            "name": "par",
            "value": "['.i64 = PAR']"
          },
          {
            "help": "exponential",
            "name": "exp",
            "value": "['.i64 = EXP']"
          },
          {
            "help": "inverted quarter of sine wave",
            "name": "iqsin",
            "value": "['.i64 = IQSIN']"
          },
          {
            "help": "inverted half of sine wave",
            "name": "ihsin",
            "value": "['.i64 = IHSIN']"
          },
          {
            "help": "double-exponential seat",
            "name": "dese",
            "value": "['.i64 = DESE']"
          },
          {
            "help": "double-exponential sigmoid",
            "name": "desi",
            "value": "['.i64 = DESI']"
          },
          {
            "help": "logistic sigmoid",
            "name": "losi",
            "value": "['.i64 = LOSI']"
          },
          {
            "help": "sine cardinal function",
            "name": "sinc",
            "value": "['.i64 = SINC']"
          },
          {
            "help": "inverted sine cardinal function",
            "name": "isinc",
            "value": "['.i64 = ISINC']"
          },
          {
            "help": "quartic",
            "name": "quat",
            "value": "['.i64 = QUAT']"
          },
          {
            "help": "quartic root",
            "name": "quatr",
            "value": "['.i64 = QUATR']"
          },
          {
            "help": "squared quarter of sine wave",
            "name": "qsin2",
            "value": "['.i64 = QSIN2']"
          },
          {
            "help": "squared half of sine wave",
            "name": "hsin2",
            "value": "['.i64 = HSIN2']"
          }
        ],
        "default": "['.i64 = TRI']",
        "deprecated": false,
        "help": "set fade curve type",
        "name": "curve",
        "type": "AV_OPT_TYPE_INT"
      },
      {
        "alias": null,
        "choices": [],
        "default": "['.dbl = 0']",
        "deprecated": false,
        "help": "set the silence gain",
        "name": "silence",
        "type": "AV_OPT_TYPE_DOUBLE"
      },
      {
        "alias": null,
        "choices": [],
        "default": "['.dbl = 1']",
        "deprecated": false,
        "help": "set the unity gain",
        "name": "unity",
        "type": "AV_OPT_TYPE_DOUBLE"
      }
    ]
  },
  {
    "flags_value": 0,
    "is_dynamic_inputs": false,
    "is_dynamic_outputs": false,
    "parsed_options": [
      {
        "alias": "nb_samples",
        "choices": [],
        "default": "['.i64 = 44100']",
        "deprecated": false,
        "help": "set number of samples for cross fade duration",
        "name": "ns",
        "type": "AV_OPT_TYPE_INT"
      },
      {
        "alias": "d",
        "choices": [],
        "default": "['.i64 = 0']",
        "deprecated": false,
        "help": "set cross fade duration",
        "name": "duration",
        "type": "AV_OPT_TYPE_DURATION"
      },
      {
        "alias": "o",
        "choices": [],
        "default": "['.i64 = 1']",
        "deprecated": false,
        "help": "overlap 1st stream end with 2nd stream start",
        "name": "overlap",
        "type": "AV_OPT_TYPE_BOOL"
      },
      {
        "alias": "c1",
        "choices": [
          {
            "help": "no fade; keep audio as-is",
            "name": "nofade",
            "value": "['.i64 = NONE']"
          },
          {
            "help": "linear slope",
            "name": "tri",
            "value": "['.i64 = TRI']"
          },
          {
            "help": "quarter of sine wave",
            "name": "qsin",
            "value": "['.i64 = QSIN']"
          },
          {
            "help": "exponential sine wave",
            "name": "esin",
            "value": "['.i64 = ESIN']"
          },
          {
            "help": "half of sine wave",
            "name": "hsin",
            "value": "['.i64 = HSIN']"
          },
          {
            "help": "logarithmic",
            "name": "log",
            "value": "['.i64 = LOG']"
          },
          {
            "help": "inverted parabola",
            "name": "ipar",
            "value": "['.i64 = IPAR']"
          },
          {
            "help": "quadratic",
            "name": "qua",
            "value": "['.i64 = QUA']"
          },
          {
            "help": "cubic",
            "name": "cub",
            "value": "['.i64 = CUB']"
          },
          {
            "help": "square root",
            "name": "squ",
            "value": "['.i64 = SQU']"
          },
          {
            "help": "cubic root",
            "name": "cbr",
            "value": "['.i64 = CBR']"
          },
          {
            "help": "parabola",
            "name": "par",
            "value": "['.i64 = PAR']"
          },
          {
            "help": "exponential",
            "name": "exp",
            "value": "['.i64 = EXP']"
          },
          {
            "help": "inverted quarter of sine wave",
            "name": "iqsin",
            "value": "['.i64 = IQSIN']"
          },
          {
            "help": "inverted half of sine wave",
            "name": "ihsin",
            "value": "['.i64 = IHSIN']"
          },
          {
            "help": "double-exponential seat",
            "name": "dese",
            "value": "['.i64 = DESE']"
          },
          {
            "help": "double-exponential sigmoid",
            "name": "desi",
            "value": "['.i64 = DESI']"
          },
          {
            "help": "logistic sigmoid",
            "name": "losi",
            "value": "['.i64 = LOSI']"
          },
          {
            "help": "sine cardinal function",
            "name": "sinc",
            "value": "['.i64 = SINC']"
          },
          {
            "help": "inverted sine cardinal function",
            "name": "isinc",
            "value": "['.i64 = ISINC']"
          },
          {
            "help": "quartic",
            "name": "quat",
            "value": "['.i64 = QUAT']"
          },
          {
            "help": "quartic root",
            "name": "quatr",
            "value": "['.i64 = QUATR']"
          },
          {
            "help": "squared quarter of sine wave",
            "name": "qsin2",
            "value": "['.i64 = QSIN2']"
          },
          {
            "help": "squared half of sine wave",
            "name": "hsin2",
            "value": "['.i64 = HSIN2']"
          }
        ],
        "default": "['.i64 = TRI']",
        "deprecated": false,
        "help": "set fade curve type for 1st stream",
        "name": "curve1",
        "type": "AV_OPT_TYPE_INT"
      },
      {
        "alias": "c2",
        "choices": [
          {
            "help": "no fade; keep audio as-is",
            "name": "nofade",
            "value": "['.i64 = NONE']"
          },
          {
            "help": "linear slope",
            "name": "tri",
            "value": "['.i64 = TRI']"
          },
          {
            "help": "quarter of sine wave",
            "name": "qsin",
            "value": "['.i64 = QSIN']"
          },
          {
            "help": "exponential sine wave",
            "name": "esin",
            "value": "['.i64 = ESIN']"
          },
          {
            "help": "half of sine wave",
            "name": "hsin",
            "value": "['.i64 = HSIN']"
          },
          {
            "help": "logarithmic",
            "name": "log",
            "value": "['.i64 = LOG']"
          },
          {
            "help": "inverted parabola",
            "name": "ipar",
            "value": "['.i64 = IPAR']"
          },
          {
            "help": "quadratic",
            "name": "qua",
            "value": "['.i64 = QUA']"
          },
          {
            "help": "cubic",
            "name": "cub",
            "value": "['.i64 = CUB']"
          },
          {
            "help": "square root",
            "name": "squ",
            "value": "['.i64 = SQU']"
          },
          {
            "help": "cubic root",
            "name": "cbr",
            "value": "['.i64 = CBR']"
          },
          {
            "help": "parabola",
            "name": "par",
            "value": "['.i64 = PAR']"
          },
          {
            "help": "exponential",
            "name": "exp",
            "value": "['.i64 = EXP']"
          },
          {
            "help": "inverted quarter of sine wave",
            "name": "iqsin",
            "value": "['.i64 = IQSIN']"
          },
          {
            "help": "inverted half of sine wave",
            "name": "ihsin",
            "value": "['.i64 = IHSIN']"
          },
          {
            "help": "double-exponential seat",
            "name": "dese",
            "value": "['.i64 = DESE']"
          },
          {
            "help": "double-exponential sigmoid",
            "name": "desi",
            "value": "['.i64 = DESI']"
          },
          {
            "help": "logistic sigmoid",
            "name": "losi",
            "value": "['.i64 = LOSI']"
          },
          {
            "help": "sine cardinal function",
            "name": "sinc",
            "value": "['.i64 = SINC']"
          },
          {
            "help": "inverted sine cardinal function",
            "name": "isinc",
            "value": "['.i64 = ISINC']"
          },
          {
            "help": "quartic",
            "name": "quat",
            "value": "['.i64 = QUAT']"
          },
          {
            "help": "quartic root",
            "name": "quatr",
            "value": "['.i64 = QUATR']"
          },
          {
            "help": "squared quarter of sine wave",
            "name": "qsin2",
            "value": "['.i64 = QSIN2']"
          },
          {
            "help": "squared half of sine wave",
            "name": "hsin2",
            "value": "['.i64 = HSIN2']"
          }
        ],
        "default": "['.i64 = TRI']",
        "deprecated": false,
        "help": "set fade curve type for 2nd stream",
        "name": "curve2",
        "type": "AV_OPT_TYPE_INT"
      }
    ]
  }
]
