[
  [
    {
      "choices": [],
      "default": "['.str=((void*)0)']",
      "help": "set 3D LUT file name",
      "name": "file",
      "type": "AV_OPT_TYPE_STRING"
    },
    {
      "choices": [
        {
          "help": "process only first CLUT, ignore rest",
          "name": "first",
          "value": "['.i64=0']"
        },
        {
          "help": "process all CLUTs",
          "name": "all",
          "value": "['.i64=1']"
        }
      ],
      "default": "['.i64=1']",
      "help": "when to process CLUT",
      "name": "clut",
      "type": "AV_OPT_TYPE_INT"
    },
    {
      "choices": [
        {
          "help": "use values from the nearest defined points",
          "name": "nearest",
          "value": "['.i64=INTERPOLATE_NEAREST']"
        },
        {
          "help": "interpolate values using the 8 points defining a cube",
          "name": "trilinear",
          "value": "['.i64=INTERPOLATE_TRILINEAR']"
        },
        {
          "help": "interpolate values using a tetrahedron",
          "name": "tetrahedral",
          "value": "['.i64=INTERPOLATE_TETRAHEDRAL']"
        },
        {
          "help": "interpolate values using a pyramid",
          "name": "pyramid",
          "value": "['.i64=INTERPOLATE_PYRAMID']"
        },
        {
          "help": "interpolate values using a prism",
          "name": "prism",
          "value": "['.i64=INTERPOLATE_PRISM']"
        }
      ],
      "default": "['.i64=INTERPOLATE_TETRAHEDRAL']",
      "help": "select interpolation mode",
      "name": "interp",
      "type": "AV_OPT_TYPE_INT"
    }
  ],
  [
    {
      "choices": [
        {
          "help": "process only first CLUT, ignore rest",
          "name": "first",
          "value": "['.i64=0']"
        },
        {
          "help": "process all CLUTs",
          "name": "all",
          "value": "['.i64=1']"
        }
      ],
      "default": "['.i64=1']",
      "help": "when to process CLUT",
      "name": "clut",
      "type": "AV_OPT_TYPE_INT"
    },
    {
      "choices": [
        {
          "help": "use values from the nearest defined points",
          "name": "nearest",
          "value": "['.i64=INTERPOLATE_NEAREST']"
        },
        {
          "help": "interpolate values using the 8 points defining a cube",
          "name": "trilinear",
          "value": "['.i64=INTERPOLATE_TRILINEAR']"
        },
        {
          "help": "interpolate values using a tetrahedron",
          "name": "tetrahedral",
          "value": "['.i64=INTERPOLATE_TETRAHEDRAL']"
        },
        {
          "help": "interpolate values using a pyramid",
          "name": "pyramid",
          "value": "['.i64=INTERPOLATE_PYRAMID']"
        },
        {
          "help": "interpolate values using a prism",
          "name": "prism",
          "value": "['.i64=INTERPOLATE_PRISM']"
        }
      ],
      "default": "['.i64=INTERPOLATE_TETRAHEDRAL']",
      "help": "select interpolation mode",
      "name": "interp",
      "type": "AV_OPT_TYPE_INT"
    }
  ],
  [
    {
      "choices": [],
      "default": "['.str=((void*)0)']",
      "help": "set 1D LUT file name",
      "name": "file",
      "type": "AV_OPT_TYPE_STRING"
    },
    {
      "choices": [
        {
          "help": "use values from the nearest defined points",
          "name": "nearest",
          "value": "['.i64=INTERPOLATE_1D_NEAREST']"
        },
        {
          "help": "use values from the linear interpolation",
          "name": "linear",
          "value": "['.i64=INTERPOLATE_1D_LINEAR']"
        },
        {
          "help": "use values from the cosine interpolation",
          "name": "cosine",
          "value": "['.i64=INTERPOLATE_1D_COSINE']"
        },
        {
          "help": "use values from the cubic interpolation",
          "name": "cubic",
          "value": "['.i64=INTERPOLATE_1D_CUBIC']"
        },
        {
          "help": "use values from the spline interpolation",
          "name": "spline",
          "value": "['.i64=INTERPOLATE_1D_SPLINE']"
        }
      ],
      "default": "['.i64=INTERPOLATE_1D_LINEAR']",
      "help": "select interpolation mode",
      "name": "interp",
      "type": "AV_OPT_TYPE_INT"
    }
  ]
]
