[
  {
    "flags_value": 1,
    "is_dynamic_inputs": true,
    "is_dynamic_outputs": false,
    "parsed_options": [
      {
        "alias": null,
        "choices": [],
        "default": "['.i64 = 2']",
        "deprecated": false,
        "help": "specify the number of inputs",
        "name": "inputs",
        "type": "AV_OPT_TYPE_INT"
      }
    ]
  }
]
