[
  {
    "flags_value": 0,
    "inputs_value": null,
    "is_dynamic_inputs": false,
    "is_dynamic_outputs": false,
    "outputs_value": "avfilter_vsrc_buffer_outputs",
    "parsed_options": [
      {
        "alias": [
          "width",
          "video_size"
        ],
        "choices": [],
        "default": "['.i64 = 0']",
        "deprecated": false,
        "help": "((void*)0)",
        "name": "width",
        "required": false,
        "type": "AV_OPT_TYPE_INT"
      },
      {
        "alias": [],
        "choices": [],
        "default": "['.i64 = 0']",
        "deprecated": false,
        "help": "((void*)0)",
        "name": "height",
        "required": false,
        "type": "AV_OPT_TYPE_INT"
      },
      {
        "alias": [],
        "choices": [],
        "default": "['.i64 = AV_PIX_FMT_NONE']",
        "deprecated": false,
        "help": "((void*)0)",
        "name": "pix_fmt",
        "required": false,
        "type": "AV_OPT_TYPE_PIXEL_FMT"
      },
      {
        "alias": [
          "sar",
          "pixel_aspect"
        ],
        "choices": [],
        "default": "['.dbl = 0']",
        "deprecated": false,
        "help": "sample aspect ratio",
        "name": "sar",
        "required": false,
        "type": "AV_OPT_TYPE_RATIONAL"
      },
      {
        "alias": [],
        "choices": [],
        "default": "['.dbl = 0']",
        "deprecated": false,
        "help": "((void*)0)",
        "name": "time_base",
        "required": false,
        "type": "AV_OPT_TYPE_RATIONAL"
      },
      {
        "alias": [],
        "choices": [],
        "default": "['.dbl = 0']",
        "deprecated": false,
        "help": "((void*)0)",
        "name": "frame_rate",
        "required": false,
        "type": "AV_OPT_TYPE_RATIONAL"
      }
    ],
    "priv_class_value": "buffer_class",
    "type": "vsrc"
  },
  {
    "flags_value": 0,
    "inputs_value": null,
    "is_dynamic_inputs": false,
    "is_dynamic_outputs": false,
    "outputs_value": "avfilter_asrc_abuffer_outputs",
    "parsed_options": [
      {
        "alias": [],
        "choices": [],
        "default": "['.dbl = 0']",
        "deprecated": false,
        "help": "((void*)0)",
        "name": "time_base",
        "required": false,
        "type": "AV_OPT_TYPE_RATIONAL"
      },
      {
        "alias": [],
        "choices": [],
        "default": "['.i64 = 0']",
        "deprecated": false,
        "help": "((void*)0)",
        "name": "sample_rate",
        "required": false,
        "type": "AV_OPT_TYPE_INT"
      },
      {
        "alias": [],
        "choices": [],
        "default": "['.i64 = AV_SAMPLE_FMT_NONE']",
        "deprecated": false,
        "help": "((void*)0)",
        "name": "sample_fmt",
        "required": false,
        "type": "AV_OPT_TYPE_SAMPLE_FMT"
      },
      {
        "alias": [],
        "choices": [],
        "default": null,
        "deprecated": false,
        "help": "((void*)0)",
        "name": "channel_layout",
        "required": true,
        "type": "AV_OPT_TYPE_STRING"
      },
      {
        "alias": [],
        "choices": [],
        "default": "['.i64 = 0']",
        "deprecated": false,
        "help": "((void*)0)",
        "name": "channels",
        "required": false,
        "type": "AV_OPT_TYPE_INT"
      }
    ],
    "priv_class_value": "abuffer_class",
    "type": "asrc"
  }
]
