{
  "inputs": [
    {
      "name": "default",
      "type": "AVMEDIA_TYPE_AUDIO"
    }
  ]
}
