[
  {
    "flags_value": 65540,
    "inputs_value": "noise_inputs",
    "is_dynamic_inputs": false,
    "is_dynamic_outputs": false,
    "outputs_value": "ff_video_default_filterpad",
    "parsed_options": [
      {
        "alias": [
          "all_seed"
        ],
        "choices": [],
        "default": "['.i64=-1']",
        "default_value": -1,
        "deprecated": false,
        "help": "set component #0 noise seed",
        "name": "all_seed",
        "required": false,
        "type": "AV_OPT_TYPE_INT"
      },
      {
        "alias": [
          "all_strength",
          "alls"
        ],
        "choices": [],
        "default": "['.i64=0']",
        "default_value": 0,
        "deprecated": false,
        "help": "set component #0 strength",
        "name": "all_strength",
        "required": false,
        "type": "AV_OPT_TYPE_INT"
      },
      {
        "alias": [
          "all_flags",
          "allf"
        ],
        "choices": [
          {
            "help": "averaged noise",
            "name": "a",
            "value": 8
          },
          {
            "help": "(semi)regular pattern",
            "name": "p",
            "value": 16
          },
          {
            "help": "temporal noise",
            "name": "t",
            "value": 2
          },
          {
            "help": "uniform noise",
            "name": "u",
            "value": 1
          }
        ],
        "default": "['.i64=0']",
        "default_value": 0,
        "deprecated": false,
        "help": "set component #0 flags",
        "name": "all_flags",
        "required": false,
        "type": "AV_OPT_TYPE_FLAGS"
      },
      {
        "alias": [
          "c0_seed"
        ],
        "choices": [],
        "default": "['.i64=-1']",
        "default_value": -1,
        "deprecated": false,
        "help": "set component #0 noise seed",
        "name": "c0_seed",
        "required": false,
        "type": "AV_OPT_TYPE_INT"
      },
      {
        "alias": [
          "c0_strength",
          "c0s"
        ],
        "choices": [],
        "default": "['.i64=0']",
        "default_value": 0,
        "deprecated": false,
        "help": "set component #0 strength",
        "name": "c0_strength",
        "required": false,
        "type": "AV_OPT_TYPE_INT"
      },
      {
        "alias": [
          "c0_flags",
          "c0f"
        ],
        "choices": [
          {
            "help": "averaged noise",
            "name": "a",
            "value": 8
          },
          {
            "help": "(semi)regular pattern",
            "name": "p",
            "value": 16
          },
          {
            "help": "temporal noise",
            "name": "t",
            "value": 2
          },
          {
            "help": "uniform noise",
            "name": "u",
            "value": 1
          }
        ],
        "default": "['.i64=0']",
        "default_value": 0,
        "deprecated": false,
        "help": "set component #0 flags",
        "name": "c0_flags",
        "required": false,
        "type": "AV_OPT_TYPE_FLAGS"
      },
      {
        "alias": [
          "c1_seed"
        ],
        "choices": [],
        "default": "['.i64=-1']",
        "default_value": -1,
        "deprecated": false,
        "help": "set component #1 noise seed",
        "name": "c1_seed",
        "required": false,
        "type": "AV_OPT_TYPE_INT"
      },
      {
        "alias": [
          "c1_strength",
          "c1s"
        ],
        "choices": [],
        "default": "['.i64=0']",
        "default_value": 0,
        "deprecated": false,
        "help": "set component #1 strength",
        "name": "c1_strength",
        "required": false,
        "type": "AV_OPT_TYPE_INT"
      },
      {
        "alias": [
          "c1_flags",
          "c1f"
        ],
        "choices": [
          {
            "help": "averaged noise",
            "name": "a",
            "value": 8
          },
          {
            "help": "(semi)regular pattern",
            "name": "p",
            "value": 16
          },
          {
            "help": "temporal noise",
            "name": "t",
            "value": 2
          },
          {
            "help": "uniform noise",
            "name": "u",
            "value": 1
          }
        ],
        "default": "['.i64=0']",
        "default_value": 0,
        "deprecated": false,
        "help": "set component #1 flags",
        "name": "c1_flags",
        "required": false,
        "type": "AV_OPT_TYPE_FLAGS"
      },
      {
        "alias": [
          "c2_seed"
        ],
        "choices": [],
        "default": "['.i64=-1']",
        "default_value": -1,
        "deprecated": false,
        "help": "set component #2 noise seed",
        "name": "c2_seed",
        "required": false,
        "type": "AV_OPT_TYPE_INT"
      },
      {
        "alias": [
          "c2_strength",
          "c2s"
        ],
        "choices": [],
        "default": "['.i64=0']",
        "default_value": 0,
        "deprecated": false,
        "help": "set component #2 strength",
        "name": "c2_strength",
        "required": false,
        "type": "AV_OPT_TYPE_INT"
      },
      {
        "alias": [
          "c2_flags",
          "c2f"
        ],
        "choices": [
          {
            "help": "averaged noise",
            "name": "a",
            "value": 8
          },
          {
            "help": "(semi)regular pattern",
            "name": "p",
            "value": 16
          },
          {
            "help": "temporal noise",
            "name": "t",
            "value": 2
          },
          {
            "help": "uniform noise",
            "name": "u",
            "value": 1
          }
        ],
        "default": "['.i64=0']",
        "default_value": 0,
        "deprecated": false,
        "help": "set component #2 flags",
        "name": "c2_flags",
        "required": false,
        "type": "AV_OPT_TYPE_FLAGS"
      },
      {
        "alias": [
          "c3_seed"
        ],
        "choices": [],
        "default": "['.i64=-1']",
        "default_value": -1,
        "deprecated": false,
        "help": "set component #3 noise seed",
        "name": "c3_seed",
        "required": false,
        "type": "AV_OPT_TYPE_INT"
      },
      {
        "alias": [
          "c3_strength",
          "c3s"
        ],
        "choices": [],
        "default": "['.i64=0']",
        "default_value": 0,
        "deprecated": false,
        "help": "set component #3 strength",
        "name": "c3_strength",
        "required": false,
        "type": "AV_OPT_TYPE_INT"
      },
      {
        "alias": [
          "c3_flags",
          "c3f"
        ],
        "choices": [
          {
            "help": "averaged noise",
            "name": "a",
            "value": 8
          },
          {
            "help": "(semi)regular pattern",
            "name": "p",
            "value": 16
          },
          {
            "help": "temporal noise",
            "name": "t",
            "value": 2
          },
          {
            "help": "uniform noise",
            "name": "u",
            "value": 1
          }
        ],
        "default": "['.i64=0']",
        "default_value": 0,
        "deprecated": false,
        "help": "set component #3 flags",
        "name": "c3_flags",
        "required": false,
        "type": "AV_OPT_TYPE_FLAGS"
      }
    ],
    "priv_class_value": "noise_class",
    "type": "vf"
  }
]
