{
  "__class__": "ffmpeg.scripts.parse_help.schema.AVFilter",
  "description": "Remove clipping from input audio.",
  "input_types": [
    {
      "__class__": "ffmpeg.common.schema.FFMpegIOType",
      "name": "default",
      "type": "audio"
    }
  ],
  "is_dynamic_inputs": false,
  "is_dynamic_outputs": false,
  "is_slice_threading_supported": true,
  "is_support_framesync": false,
  "is_support_timeline": true,
  "name": "adeclip",
  "options": [
    {
      "__class__": "ffmpeg.scripts.parse_help.schema.AVOption",
      "alias": [
        "window",
        "w"
      ],
      "choices": [],
      "default": 55.0,
      "description": "set window size (from 10 to 100) (default 55)",
      "flags": "..F.A......",
      "max": "100",
      "min": "10",
      "name": "window",
      "typing": "double"
    },
    {
      "__class__": "ffmpeg.scripts.parse_help.schema.AVOption",
      "alias": [
        "overlap",
        "o"
      ],
      "choices": [],
      "default": 75.0,
      "description": "set window overlap (from 50 to 95) (default 75)",
      "flags": "..F.A......",
      "max": "95",
      "min": "50",
      "name": "overlap",
      "typing": "double"
    },
    {
      "__class__": "ffmpeg.scripts.parse_help.schema.AVOption",
      "alias": [
        "arorder",
        "a"
      ],
      "choices": [],
      "default": 8.0,
      "description": "set autoregression order (from 0 to 25) (default 8)",
      "flags": "..F.A......",
      "max": "25",
      "min": "0",
      "name": "arorder",
      "typing": "double"
    },
    {
      "__class__": "ffmpeg.scripts.parse_help.schema.AVOption",
      "alias": [
        "threshold",
        "t"
      ],
      "choices": [],
      "default": 10.0,
      "description": "set threshold (from 1 to 100) (default 10)",
      "flags": "..F.A......",
      "max": "100",
      "min": "1",
      "name": "threshold",
      "typing": "double"
    },
    {
      "__class__": "ffmpeg.scripts.parse_help.schema.AVOption",
      "alias": [
        "hsize",
        "n"
      ],
      "choices": [],
      "default": 1000,
      "description": "set histogram size (from 100 to 9999) (default 1000)",
      "flags": "..F.A......",
      "max": "9999",
      "min": "100",
      "name": "hsize",
      "typing": "int"
    },
    {
      "__class__": "ffmpeg.scripts.parse_help.schema.AVOption",
      "alias": [
        "method",
        "m"
      ],
      "choices": [
        {
          "__class__": "ffmpeg.scripts.parse_help.schema.AVChoice",
          "flags": "..F.A......",
          "help": "overlap-add",
          "name": "add",
          "value": "0"
        },
        {
          "__class__": "ffmpeg.scripts.parse_help.schema.AVChoice",
          "flags": "..F.A......",
          "help": "overlap-add",
          "name": "a",
          "value": "0"
        },
        {
          "__class__": "ffmpeg.scripts.parse_help.schema.AVChoice",
          "flags": "..F.A......",
          "help": "overlap-save",
          "name": "save",
          "value": "1"
        },
        {
          "__class__": "ffmpeg.scripts.parse_help.schema.AVChoice",
          "flags": "..F.A......",
          "help": "overlap-save",
          "name": "s",
          "value": "1"
        }
      ],
      "default": "add",
      "description": "set overlap method (from 0 to 1) (default add)",
      "flags": "..F.A......",
      "max": "1",
      "min": "0",
      "name": "method",
      "typing": "int"
    }
  ],
  "output_types": [
    {
      "__class__": "ffmpeg.common.schema.FFMpegIOType",
      "name": "default",
      "type": "audio"
    }
  ]
}
