{
  "__class__": "ffmpeg.scripts.parse_help.schema.AVFilter",
  "description": "Read audio from a movie source.",
  "input_types": [],
  "is_dynamic_inputs": false,
  "is_dynamic_outputs": true,
  "is_slice_threading_supported": false,
  "is_support_framesync": false,
  "is_support_timeline": false,
  "name": "amovie",
  "options": [
    {
      "__class__": "ffmpeg.scripts.parse_help.schema.AVOption",
      "alias": [
        "filename"
      ],
      "choices": [],
      "default": null,
      "description": "",
      "flags": "..FVA......",
      "max": null,
      "min": null,
      "name": "filename",
      "typing": "string"
    },
    {
      "__class__": "ffmpeg.scripts.parse_help.schema.AVOption",
      "alias": [
        "format_name",
        "f"
      ],
      "choices": [],
      "default": null,
      "description": "set format name",
      "flags": "..FVA......",
      "max": null,
      "min": null,
      "name": "format_name",
      "typing": "string"
    },
    {
      "__class__": "ffmpeg.scripts.parse_help.schema.AVOption",
      "alias": [
        "stream_index",
        "si"
      ],
      "choices": [],
      "default": -1,
      "description": "set stream index (from -1 to INT_MAX) (default -1)",
      "flags": "..FVA......",
      "max": "INT_MAX",
      "min": "-1",
      "name": "stream_index",
      "typing": "int"
    },
    {
      "__class__": "ffmpeg.scripts.parse_help.schema.AVOption",
      "alias": [
        "seek_point",
        "sp"
      ],
      "choices": [],
      "default": 0.0,
      "description": "set seekpoint (seconds) (from 0 to 9.22337e+12) (default 0)",
      "flags": "..FVA......",
      "max": "9.22337e+12",
      "min": "0",
      "name": "seek_point",
      "typing": "double"
    },
    {
      "__class__": "ffmpeg.scripts.parse_help.schema.AVOption",
      "alias": [
        "streams",
        "s"
      ],
      "choices": [],
      "default": null,
      "description": "set streams",
      "flags": "..FVA......",
      "max": null,
      "min": null,
      "name": "streams",
      "typing": "string"
    },
    {
      "__class__": "ffmpeg.scripts.parse_help.schema.AVOption",
      "alias": [
        "loop"
      ],
      "choices": [],
      "default": 1,
      "description": "set loop count (from 0 to INT_MAX) (default 1)",
      "flags": "..FVA......",
      "max": "INT_MAX",
      "min": "0",
      "name": "loop",
      "typing": "int"
    },
    {
      "__class__": "ffmpeg.scripts.parse_help.schema.AVOption",
      "alias": [
        "discontinuity"
      ],
      "choices": [],
      "default": 0.0,
      "description": "set discontinuity threshold (default 0)",
      "flags": "..FVA......",
      "max": null,
      "min": null,
      "name": "discontinuity",
      "typing": "duration"
    },
    {
      "__class__": "ffmpeg.scripts.parse_help.schema.AVOption",
      "alias": [
        "dec_threads"
      ],
      "choices": [],
      "default": 0,
      "description": "set the number of threads for decoding (from 0 to INT_MAX) (default 0)",
      "flags": "..FVA......",
      "max": "INT_MAX",
      "min": "0",
      "name": "dec_threads",
      "typing": "int"
    },
    {
      "__class__": "ffmpeg.scripts.parse_help.schema.AVOption",
      "alias": [
        "format_opts"
      ],
      "choices": [],
      "default": null,
      "description": "set format options for the opened file",
      "flags": "..FVA......",
      "max": null,
      "min": null,
      "name": "format_opts",
      "typing": "dictionary"
    }
  ],
  "output_types": []
}
